// Jest Snapshot v1, https://goo.gl/fbAQLP

exports[`LoadingCover renders 1`] = `
<DocumentFragment>
  <div
    class="MuiTypography-root makeStyles-root-1 MuiTypography-body1"
  >
    <div
      class="MuiCircularProgress-root MuiCircularProgress-colorSecondary MuiCircularProgress-indeterminate"
      role="progressbar"
      style="width: 40px; height: 40px;"
    >
      <svg
        class="MuiCircularProgress-svg"
        viewBox="22 22 44 44"
      >
        <circle
          class="MuiCircularProgress-circle MuiCircularProgress-circleIndeterminate"
          cx="44"
          cy="44"
          fill="none"
          r="20.2"
          stroke-width="3.6"
        />
      </svg>
    </div>
    <div
      class="MuiTypography-root makeStyles-text-2 MuiTypography-body1"
      data-testid="loadingText"
    >
      Loading...
    </div>
  </div>
</DocumentFragment>
`;
